/data/new_disk/luoxi/NEURAL/data/Mars2_mv/out/add_D/baseline_zoom_mono_all/vis_img/img_0000.jpg /data/new_disk/luoxi/NEURAL/data/Mars2_mv/out/add_D/baseline_zoom_mono_all/vis_gt/img_0000.jpg
/data/new_disk/luoxi/NEURAL/data/Mars2_mv/out/add_D/baseline_zoom_mono_all/vis_img/img_0010.jpg /data/new_disk/luoxi/NEURAL/data/Mars2_mv/out/add_D/baseline_zoom_mono_all/vis_gt/img_0010.jpg
/data/new_disk/luoxi/NEURAL/data/Mars2_mv/out/add_D/baseline_zoom_mono_all/vis_img/img_0020.jpg /data/new_disk/luoxi/NEURAL/data/Mars2_mv/out/add_D/baseline_zoom_mono_all/vis_gt/img_0020.jpg
/data/new_disk/luoxi/NEURAL/data/Mars2_mv/out/add_D/baseline_zoom_mono_all/vis_img/img_0030.jpg /data/new_disk/luoxi/NEURAL/data/Mars2_mv/out/add_D/baseline_zoom_mono_all/vis_gt/img_0030.jpg
/data/new_disk/luoxi/NEURAL/data/Mars2_mv/out/add_D/baseline_zoom_mono_all/vis_img/img_0040.jpg /data/new_disk/luoxi/NEURAL/data/Mars2_mv/out/add_D/baseline_zoom_mono_all/vis_gt/img_0040.jpg
/data/new_disk/luoxi/NEURAL/data/Mars2_mv/out/add_D/baseline_zoom_mono_all/vis_img/img_0050.jpg /data/new_disk/luoxi/NEURAL/data/Mars2_mv/out/add_D/baseline_zoom_mono_all/vis_gt/img_0050.jpg
/data/new_disk/luoxi/NEURAL/data/Mars2_mv/out/add_D/baseline_zoom_mono_all/vis_img/img_0060.jpg /data/new_disk/luoxi/NEURAL/data/Mars2_mv/out/add_D/baseline_zoom_mono_all/vis_gt/img_0060.jpg
/data/new_disk/luoxi/NEURAL/data/Mars2_mv/out/add_D/baseline_zoom_mono_all/vis_img/img_0070.jpg /data/new_disk/luoxi/NEURAL/data/Mars2_mv/out/add_D/baseline_zoom_mono_all/vis_gt/img_0070.jpg
