/data/new_disk/luoxi/NEURAL/data/Mars2_mv/out/add_D/baseline_zoom_mono_all/vis_img/img_0000.jpg /data/new_disk/luoxi/NEURAL/data/Mars2_mv/out/add_D/baseline_zoom_mono_all/vis_gt/img_0000.jpg
/data/new_disk/luoxi/NEURAL/data/Mars2_mv/out/add_D/baseline_zoom_mono_all/vis_img/img_0010.jpg /data/new_disk/luoxi/NEURAL/data/Mars2_mv/out/add_D/baseline_zoom_mono_all/vis_gt/img_0010.jpg
/data/new_disk/luoxi/NEURAL/data/Mars2_mv/out/add_D/baseline_zoom_mono_all/vis_img/img_0020.jpg /data/new_disk/luoxi/NEURAL/data/Mars2_mv/out/add_D/baseline_zoom_mono_all/vis_gt/img_0020.jpg
/data/new_disk/luoxi/NEURAL/data/Mars2_mv/out/add_D/baseline_zoom_mono_all/vis_img/img_0030.jpg /data/new_disk/luoxi/NEURAL/data/Mars2_mv/out/add_D/baseline_zoom_mono_all/vis_gt/img_0030.jpg
/data/new_disk/luoxi/NEURAL/data/Mars2_mv/out/add_D/baseline_zoom_mono_all/vis_img/img_0040.jpg /data/new_disk/luoxi/NEURAL/data/Mars2_mv/out/add_D/baseline_zoom_mono_all/vis_gt/img_0040.jpg
/data/new_disk/luoxi/NEURAL/data/Mars2_mv/out/add_D/baseline_zoom_mono_all/vis_img/img_0050.jpg /data/new_disk/luoxi/NEURAL/data/Mars2_mv/out/add_D/baseline_zoom_mono_all/vis_gt/img_0050.jpg
/data/new_disk/luoxi/NEURAL/data/Mars2_mv/out/add_D/baseline_zoom_mono_all/vis_img/img_0060.jpg /data/new_disk/luoxi/NEURAL/data/Mars2_mv/out/add_D/baseline_zoom_mono_all/vis_gt/img_0060.jpg
/data/new_disk/luoxi/NEURAL/data/Mars2_mv/out/add_D/baseline_zoom_mono_all/vis_img/img_0070.jpg /data/new_disk/luoxi/NEURAL/data/Mars2_mv/out/add_D/baseline_zoom_mono_all/vis_gt/img_0070.jpg
/data/new_disk/luoxi/NEURAL/data/Mars2_mv/out/add_D/baseline_zoom_mono_all/vis_img/img_0080.jpg /data/new_disk/luoxi/NEURAL/data/Mars2_mv/out/add_D/baseline_zoom_mono_all/vis_gt/img_0080.jpg
/data/new_disk/luoxi/NEURAL/data/Mars2_mv/out/add_D/baseline_zoom_mono_all/vis_img/img_0090.jpg /data/new_disk/luoxi/NEURAL/data/Mars2_mv/out/add_D/baseline_zoom_mono_all/vis_gt/img_0090.jpg
/data/new_disk/luoxi/NEURAL/data/Mars2_mv/out/add_D/baseline_zoom_mono_all/vis_img/img_0100.jpg /data/new_disk/luoxi/NEURAL/data/Mars2_mv/out/add_D/baseline_zoom_mono_all/vis_gt/img_0100.jpg
/data/new_disk/luoxi/NEURAL/data/Mars2_mv/out/add_D/baseline_zoom_mono_all/vis_img/img_0110.jpg /data/new_disk/luoxi/NEURAL/data/Mars2_mv/out/add_D/baseline_zoom_mono_all/vis_gt/img_0110.jpg
/data/new_disk/luoxi/NEURAL/data/Mars2_mv/out/add_D/baseline_zoom_mono_all/vis_img/img_0120.jpg /data/new_disk/luoxi/NEURAL/data/Mars2_mv/out/add_D/baseline_zoom_mono_all/vis_gt/img_0120.jpg
/data/new_disk/luoxi/NEURAL/data/Mars2_mv/out/add_D/baseline_zoom_mono_all/vis_img/img_0130.jpg /data/new_disk/luoxi/NEURAL/data/Mars2_mv/out/add_D/baseline_zoom_mono_all/vis_gt/img_0130.jpg
/data/new_disk/luoxi/NEURAL/data/Mars2_mv/out/add_D/baseline_zoom_mono_all/vis_img/img_0140.jpg /data/new_disk/luoxi/NEURAL/data/Mars2_mv/out/add_D/baseline_zoom_mono_all/vis_gt/img_0140.jpg
/data/new_disk/luoxi/NEURAL/data/Mars2_mv/out/add_D/baseline_zoom_mono_all/vis_img/img_0150.jpg /data/new_disk/luoxi/NEURAL/data/Mars2_mv/out/add_D/baseline_zoom_mono_all/vis_gt/img_0150.jpg
/data/new_disk/luoxi/NEURAL/data/Mars2_mv/out/add_D/baseline_zoom_mono_all/vis_img/img_0160.jpg /data/new_disk/luoxi/NEURAL/data/Mars2_mv/out/add_D/baseline_zoom_mono_all/vis_gt/img_0160.jpg
/data/new_disk/luoxi/NEURAL/data/Mars2_mv/out/add_D/baseline_zoom_mono_all/vis_img/img_0170.jpg /data/new_disk/luoxi/NEURAL/data/Mars2_mv/out/add_D/baseline_zoom_mono_all/vis_gt/img_0170.jpg
/data/new_disk/luoxi/NEURAL/data/Mars2_mv/out/add_D/baseline_zoom_mono_all/vis_img/img_0180.jpg /data/new_disk/luoxi/NEURAL/data/Mars2_mv/out/add_D/baseline_zoom_mono_all/vis_gt/img_0180.jpg
/data/new_disk/luoxi/NEURAL/data/Mars2_mv/out/add_D/baseline_zoom_mono_all/vis_img/img_0190.jpg /data/new_disk/luoxi/NEURAL/data/Mars2_mv/out/add_D/baseline_zoom_mono_all/vis_gt/img_0190.jpg
/data/new_disk/luoxi/NEURAL/data/Mars2_mv/out/add_D/baseline_zoom_mono_all/vis_img/img_0200.jpg /data/new_disk/luoxi/NEURAL/data/Mars2_mv/out/add_D/baseline_zoom_mono_all/vis_gt/img_0200.jpg
/data/new_disk/luoxi/NEURAL/data/Mars2_mv/out/add_D/baseline_zoom_mono_all/vis_img/img_0210.jpg /data/new_disk/luoxi/NEURAL/data/Mars2_mv/out/add_D/baseline_zoom_mono_all/vis_gt/img_0210.jpg
/data/new_disk/luoxi/NEURAL/data/Mars2_mv/out/add_D/baseline_zoom_mono_all/vis_img/img_0220.jpg /data/new_disk/luoxi/NEURAL/data/Mars2_mv/out/add_D/baseline_zoom_mono_all/vis_gt/img_0220.jpg
/data/new_disk/luoxi/NEURAL/data/Mars2_mv/out/add_D/baseline_zoom_mono_all/vis_img/img_0230.jpg /data/new_disk/luoxi/NEURAL/data/Mars2_mv/out/add_D/baseline_zoom_mono_all/vis_gt/img_0230.jpg
/data/new_disk/luoxi/NEURAL/data/Mars2_mv/out/add_D/baseline_zoom_mono_all/vis_img/img_0240.jpg /data/new_disk/luoxi/NEURAL/data/Mars2_mv/out/add_D/baseline_zoom_mono_all/vis_gt/img_0240.jpg
/data/new_disk/luoxi/NEURAL/data/Mars2_mv/out/add_D/baseline_zoom_mono_all/vis_img/img_0250.jpg /data/new_disk/luoxi/NEURAL/data/Mars2_mv/out/add_D/baseline_zoom_mono_all/vis_gt/img_0250.jpg
/data/new_disk/luoxi/NEURAL/data/Mars2_mv/out/add_D/baseline_zoom_mono_all/vis_img/img_0260.jpg /data/new_disk/luoxi/NEURAL/data/Mars2_mv/out/add_D/baseline_zoom_mono_all/vis_gt/img_0260.jpg
/data/new_disk/luoxi/NEURAL/data/Mars2_mv/out/add_D/baseline_zoom_mono_all/vis_img/img_0270.jpg /data/new_disk/luoxi/NEURAL/data/Mars2_mv/out/add_D/baseline_zoom_mono_all/vis_gt/img_0270.jpg
/data/new_disk/luoxi/NEURAL/data/Mars2_mv/out/add_D/baseline_zoom_mono_all/vis_img/img_0280.jpg /data/new_disk/luoxi/NEURAL/data/Mars2_mv/out/add_D/baseline_zoom_mono_all/vis_gt/img_0280.jpg
/data/new_disk/luoxi/NEURAL/data/Mars2_mv/out/add_D/baseline_zoom_mono_all/vis_img/img_0290.jpg /data/new_disk/luoxi/NEURAL/data/Mars2_mv/out/add_D/baseline_zoom_mono_all/vis_gt/img_0290.jpg
/data/new_disk/luoxi/NEURAL/data/Mars2_mv/out/add_D/baseline_zoom_mono_all/vis_img/img_0300.jpg /data/new_disk/luoxi/NEURAL/data/Mars2_mv/out/add_D/baseline_zoom_mono_all/vis_gt/img_0300.jpg
