/data/new_disk/luoxi/NEURAL/data/Mars2_mv/out/add_D/baseline_zoom_mono_all/vis_img/img_0005.jpg /data/new_disk/luoxi/NEURAL/data/Mars2_mv/out/add_D/baseline_zoom_mono_all/vis_gt/img_0005.png
/data/new_disk/luoxi/NEURAL/data/Mars2_mv/out/add_D/baseline_zoom_mono_all/vis_img/img_0015.jpg /data/new_disk/luoxi/NEURAL/data/Mars2_mv/out/add_D/baseline_zoom_mono_all/vis_gt/img_0015.png
/data/new_disk/luoxi/NEURAL/data/Mars2_mv/out/add_D/baseline_zoom_mono_all/vis_img/img_0025.jpg /data/new_disk/luoxi/NEURAL/data/Mars2_mv/out/add_D/baseline_zoom_mono_all/vis_gt/img_0025.png
/data/new_disk/luoxi/NEURAL/data/Mars2_mv/out/add_D/baseline_zoom_mono_all/vis_img/img_0035.jpg /data/new_disk/luoxi/NEURAL/data/Mars2_mv/out/add_D/baseline_zoom_mono_all/vis_gt/img_0035.png
/data/new_disk/luoxi/NEURAL/data/Mars2_mv/out/add_D/baseline_zoom_mono_all/vis_img/img_0045.jpg /data/new_disk/luoxi/NEURAL/data/Mars2_mv/out/add_D/baseline_zoom_mono_all/vis_gt/img_0045.png
/data/new_disk/luoxi/NEURAL/data/Mars2_mv/out/add_D/baseline_zoom_mono_all/vis_img/img_0055.jpg /data/new_disk/luoxi/NEURAL/data/Mars2_mv/out/add_D/baseline_zoom_mono_all/vis_gt/img_0055.png
/data/new_disk/luoxi/NEURAL/data/Mars2_mv/out/add_D/baseline_zoom_mono_all/vis_img/img_0065.jpg /data/new_disk/luoxi/NEURAL/data/Mars2_mv/out/add_D/baseline_zoom_mono_all/vis_gt/img_0065.png
/data/new_disk/luoxi/NEURAL/data/Mars2_mv/out/add_D/baseline_zoom_mono_all/vis_img/img_0075.jpg /data/new_disk/luoxi/NEURAL/data/Mars2_mv/out/add_D/baseline_zoom_mono_all/vis_gt/img_0075.png
